17:19:55  EVENT      NAME                READY   STATUS    RESTARTS   AGE
17:19:55  ADDED      lifecycle-running   0/1     Pending   0          0s
17:19:55  MODIFIED   lifecycle-running   0/1     Pending   0          0s
17:19:55  MODIFIED   lifecycle-running   0/1     ContainerCreating   0          0s
17:19:56  MODIFIED   lifecycle-running   0/1     ContainerCreating   0          1s
17:19:56  MODIFIED   lifecycle-running   1/1     Running             0          1s
17:20:03  ADDED      lifecycle-pending   0/1     Pending             0          0s
17:20:03  MODIFIED   lifecycle-pending   0/1     Pending             0          0s
17:20:21  MODIFIED   lifecycle-pending   0/1     Terminating         0          18s
17:20:21  DELETED    lifecycle-pending   0/1     Terminating         0          18s
17:20:21  ADDED      lifecycle-pending   0/1     Pending             0          0s
17:20:21  MODIFIED   lifecycle-pending   0/1     Pending             0          0s
17:20:46  ADDED      lifecycle-succeeded   0/1     Pending             0          0s
17:20:46  MODIFIED   lifecycle-succeeded   0/1     Pending             0          0s
17:20:46  MODIFIED   lifecycle-succeeded   0/1     ContainerCreating   0          0s
17:20:47  MODIFIED   lifecycle-succeeded   0/1     ContainerCreating   0          1s
17:20:47  MODIFIED   lifecycle-succeeded   1/1     Running             0          1s
17:20:52  MODIFIED   lifecycle-succeeded   0/1     Completed           0          6s
17:20:54  MODIFIED   lifecycle-succeeded   0/1     Completed           0          7s
17:21:05  ADDED      lifecycle-failed      0/1     Pending             0          0s
17:21:05  MODIFIED   lifecycle-failed      0/1     Pending             0          0s
17:21:05  MODIFIED   lifecycle-failed      0/1     ContainerCreating   0          0s
17:21:06  MODIFIED   lifecycle-failed      0/1     ContainerCreating   0          1s
17:21:06  MODIFIED   lifecycle-failed      1/1     Running             0          1s
17:21:12  MODIFIED   lifecycle-failed      0/1     Error               0          7s
17:21:13  MODIFIED   lifecycle-failed      0/1     Error               0          8s
17:21:30  ADDED      lifecycle-crashloop   0/1     Pending             0          0s
17:21:30  MODIFIED   lifecycle-crashloop   0/1     Pending             0          0s
17:21:30  MODIFIED   lifecycle-crashloop   0/1     ContainerCreating   0          0s
17:21:30  MODIFIED   lifecycle-crashloop   0/1     ContainerCreating   0          0s
17:21:30  MODIFIED   lifecycle-crashloop   1/1     Running             0          0s
17:21:34  MODIFIED   lifecycle-crashloop   0/1     Error               0          4s
17:21:34  MODIFIED   lifecycle-crashloop   1/1     Running             1 (1s ago)   4s
17:21:38  MODIFIED   lifecycle-crashloop   0/1     Error               1 (5s ago)   8s
17:21:50  MODIFIED   lifecycle-crashloop   0/1     CrashLoopBackOff    1 (13s ago)   20s
17:21:50  MODIFIED   lifecycle-crashloop   1/1     Running             2 (13s ago)   20s
17:21:54  MODIFIED   lifecycle-crashloop   0/1     Error               2 (17s ago)   24s
17:22:14  MODIFIED   lifecycle-crashloop   0/1     CrashLoopBackOff    2 (21s ago)   44s
17:22:14  MODIFIED   lifecycle-crashloop   1/1     Running             3 (21s ago)   44s
17:22:18  MODIFIED   lifecycle-crashloop   0/1     Error               3 (25s ago)   48s
17:22:37  ADDED      lifecycle-image-error   0/1     Pending             0             0s
17:22:37  MODIFIED   lifecycle-image-error   0/1     Pending             0             0s
17:22:37  MODIFIED   lifecycle-image-error   0/1     ContainerCreating   0             0s
17:22:38  MODIFIED   lifecycle-image-error   0/1     ContainerCreating   0             1s
17:22:40  MODIFIED   lifecycle-image-error   0/1     ErrImagePull        0             3s
17:22:51  MODIFIED   lifecycle-image-error   0/1     ImagePullBackOff    0             14s
17:23:06  MODIFIED   lifecycle-image-error   0/1     ErrImagePull        0             29s
17:23:16  MODIFIED   lifecycle-crashloop     0/1     CrashLoopBackOff    3 (59s ago)   106s
17:23:17  MODIFIED   lifecycle-crashloop     1/1     Running             4 (60s ago)   107s
17:23:19  MODIFIED   lifecycle-image-error   0/1     ImagePullBackOff    0             42s
17:23:22  MODIFIED   lifecycle-crashloop     0/1     Error               4 (65s ago)   112s
17:23:26  MODIFIED   lifecycle-crashloop     0/1     Terminating         4 (69s ago)   116s
17:23:26  MODIFIED   lifecycle-crashloop     0/1     Terminating         4 (69s ago)   116s
17:23:26  MODIFIED   lifecycle-crashloop     0/1     Error               4 (69s ago)   116s
17:23:27  MODIFIED   lifecycle-crashloop     0/1     Error               4 (70s ago)   117s
17:23:27  DELETED    lifecycle-crashloop     0/1     Error               4 (70s ago)   117s
17:23:27  ADDED      lifecycle-crashloop     0/1     Pending             0             0s
17:23:27  MODIFIED   lifecycle-crashloop     0/1     Pending             0             0s
17:23:27  MODIFIED   lifecycle-crashloop     0/1     ContainerCreating   0             0s
17:23:27  MODIFIED   lifecycle-crashloop     0/1     ContainerCreating   0             0s
17:23:27  MODIFIED   lifecycle-crashloop     1/1     Running             0             0s
17:23:31  MODIFIED   lifecycle-crashloop     0/1     Error               0             4s
17:23:31  MODIFIED   lifecycle-crashloop     1/1     Running             1 (1s ago)    4s
17:23:32  MODIFIED   lifecycle-image-error   0/1     ErrImagePull        0             55s
17:23:35  MODIFIED   lifecycle-crashloop     0/1     Error               1 (5s ago)    8s
17:23:46  MODIFIED   lifecycle-image-error   0/1     ImagePullBackOff    0             69s
17:23:48  MODIFIED   lifecycle-crashloop     0/1     CrashLoopBackOff    1 (14s ago)   21s
17:23:48  MODIFIED   lifecycle-crashloop     1/1     Running             2 (14s ago)   21s
17:23:52  MODIFIED   lifecycle-crashloop     0/1     Error               2 (18s ago)   25s
17:24:12  MODIFIED   lifecycle-crashloop     0/1     CrashLoopBackOff    2 (21s ago)   45s
17:24:12  MODIFIED   lifecycle-crashloop     1/1     Running             3 (21s ago)   45s
17:24:16  MODIFIED   lifecycle-crashloop     0/1     Error               3 (25s ago)   49s
17:24:25  MODIFIED   lifecycle-image-error   0/1     ErrImagePull        0             108s
17:24:40  MODIFIED   lifecycle-image-error   0/1     ImagePullBackOff    0             2m3s
17:24:59  MODIFIED   lifecycle-crashloop     0/1     CrashLoopBackOff    3 (44s ago)   92s
17:24:59  MODIFIED   lifecycle-crashloop     1/1     Running             4 (44s ago)   92s
17:25:03  MODIFIED   lifecycle-crashloop     0/1     Error               4 (48s ago)   96s
17:25:59  MODIFIED   lifecycle-image-error   0/1     ErrImagePull        0             3m22s
17:26:12  MODIFIED   lifecycle-image-error   0/1     ImagePullBackOff    0             3m35s
17:26:35  MODIFIED   lifecycle-image-error   0/1     Terminating         0             3m58s
17:26:35  MODIFIED   lifecycle-crashloop     0/1     CrashLoopBackOff    4 (93s ago)   3m8s
17:26:39  MODIFIED   lifecycle-image-error   0/1     Terminating         0             4m2s
17:26:40  MODIFIED   lifecycle-crashloop     0/1     Error               5 (98s ago)   3m13s
17:26:40  MODIFIED   lifecycle-image-error   0/1     ContainerStatusUnknown   0             4m3s
17:26:40  MODIFIED   lifecycle-image-error   0/1     ContainerStatusUnknown   0             4m3s
17:26:41  DELETED    lifecycle-image-error   0/1     ContainerStatusUnknown   0             4m4s
17:26:41  ADDED      lifecycle-image-error   0/1     Pending                  0             0s
17:26:41  MODIFIED   lifecycle-image-error   0/1     Pending                  0             0s
17:26:41  MODIFIED   lifecycle-image-error   0/1     ContainerCreating        0             0s
17:26:53  MODIFIED   lifecycle-image-error   0/1     ContainerCreating        0             12s
17:27:01  MODIFIED   lifecycle-image-error   0/1     ErrImagePull             0             20s
17:27:14  MODIFIED   lifecycle-image-error   0/1     ImagePullBackOff         0             33s
17:27:31  MODIFIED   lifecycle-image-error   0/1     ErrImagePull             0             50s
17:27:40  MODIFIED   lifecycle-crashloop     0/1     CrashLoopBackOff         5 (67s ago)   4m13s
17:27:43  MODIFIED   lifecycle-image-error   0/1     ImagePullBackOff         0             62s
17:27:59  MODIFIED   lifecycle-image-error   0/1     ErrImagePull             0             78s
17:28:08  ADDED      lifecycle-readiness     0/1     Pending                  0             0s
17:28:08  MODIFIED   lifecycle-readiness     0/1     Pending                  0             0s
17:28:08  MODIFIED   lifecycle-readiness     0/1     ContainerCreating        0             0s
17:28:12  MODIFIED   lifecycle-readiness     0/1     ContainerCreating        0             4s
17:28:12  MODIFIED   lifecycle-image-error   0/1     ImagePullBackOff         0             91s
17:28:13  MODIFIED   lifecycle-readiness     0/1     Running                  0             5s
17:28:21  MODIFIED   lifecycle-readiness     1/1     Running                  0             13s
17:28:22  ADDED      lifecycle-liveness      0/1     Pending                  0             0s
17:28:23  MODIFIED   lifecycle-liveness      0/1     Pending                  0             1s
17:28:23  MODIFIED   lifecycle-liveness      0/1     ContainerCreating        0             1s
17:28:25  MODIFIED   lifecycle-liveness      0/1     ContainerCreating        0             3s
17:28:26  MODIFIED   lifecycle-liveness      1/1     Running                  0             4s
17:28:51  MODIFIED   lifecycle-pending       0/1     Pending                  0             8m30s
17:28:56  MODIFIED   lifecycle-pending       0/1     ContainerCreating        0             8m35s
17:28:56  MODIFIED   lifecycle-image-error   0/1     ErrImagePull             0             2m15s
17:28:56  MODIFIED   lifecycle-pending       1/1     Running                  0             8m35s
17:29:05  MODIFIED   lifecycle-image-error   0/1     ImagePullBackOff         0             2m24s
17:29:10  ADDED      lifecycle-startup       0/1     Pending                  0             0s
17:29:10  MODIFIED   lifecycle-startup       0/1     Pending                  0             0s
17:29:10  MODIFIED   lifecycle-startup       0/1     ContainerCreating        0             0s
17:29:14  MODIFIED   lifecycle-startup       0/1     ContainerCreating        0             4s
17:29:15  MODIFIED   lifecycle-startup       0/1     Running                  0             5s
17:29:18  MODIFIED   lifecycle-crashloop     1/1     Running                  6 (2m45s ago)   5m51s
17:29:22  MODIFIED   lifecycle-crashloop     0/1     Error                    6 (2m49s ago)   5m55s
17:29:25  MODIFIED   lifecycle-liveness      1/1     Running                  1 (1s ago)      63s
17:29:46  MODIFIED   lifecycle-startup       0/1     Running                  0               36s
17:29:46  MODIFIED   lifecycle-startup       1/1     Running                  0               36s
17:29:52  ADDED      lifecycle-init          0/1     Pending                  0               0s
17:29:52  MODIFIED   lifecycle-init          0/1     Pending                  0               0s
17:29:53  MODIFIED   lifecycle-init          0/1     Init:0/1                 0               1s
17:29:55  MODIFIED   lifecycle-init          0/1     Init:0/1                 0               3s
17:29:56  MODIFIED   lifecycle-init          0/1     Init:0/1                 0               4s
17:30:02  MODIFIED   lifecycle-pending       1/1     Running                  0               9m41s
17:30:07  MODIFIED   lifecycle-init          0/1     PodInitializing          0               15s
17:30:10  MODIFIED   lifecycle-init          1/1     Running                  0               18s
17:30:26  MODIFIED   lifecycle-liveness      1/1     Running                  2 (2s ago)      2m4s
17:30:30  MODIFIED   lifecycle-readiness     1/1     Terminating              0               2m22s
17:30:30  MODIFIED   lifecycle-readiness     1/1     Terminating              0               2m22s
17:30:30  MODIFIED   lifecycle-image-error   0/1     ErrImagePull             0               3m49s
17:30:32  MODIFIED   lifecycle-readiness     0/1     Completed                0               2m24s
17:30:33  MODIFIED   lifecycle-readiness     0/1     Completed                0               2m25s
17:30:33  DELETED    lifecycle-readiness     0/1     Completed                0               2m25s
17:30:33  ADDED      lifecycle-readiness     0/1     Pending                  0               0s
17:30:33  MODIFIED   lifecycle-readiness     0/1     Pending                  0               0s
17:30:33  MODIFIED   lifecycle-readiness     0/1     ContainerCreating        0               0s
17:30:33  MODIFIED   lifecycle-readiness     0/1     ContainerCreating        0               0s
17:30:34  MODIFIED   lifecycle-readiness     0/1     Running                  0               1s
17:30:39  MODIFIED   lifecycle-readiness     1/1     Running                  0               6s
17:30:40  MODIFIED   lifecycle-liveness      1/1     Terminating              2 (16s ago)     2m18s
17:30:40  MODIFIED   lifecycle-liveness      1/1     Terminating              2 (16s ago)     2m18s
17:30:42  MODIFIED   lifecycle-image-error   0/1     ImagePullBackOff         0               4m1s
17:30:44  MODIFIED   lifecycle-liveness      0/1     Error                    2 (20s ago)     2m22s
17:30:44  MODIFIED   lifecycle-liveness      0/1     Error                    2 (20s ago)     2m22s
17:30:45  DELETED    lifecycle-liveness      0/1     Error                    2 (21s ago)     2m23s
17:30:45  ADDED      lifecycle-liveness      0/1     Pending                  0               0s
17:30:45  MODIFIED   lifecycle-liveness      0/1     Pending                  0               0s
17:30:45  MODIFIED   lifecycle-liveness      0/1     ContainerCreating        0               0s
17:30:46  MODIFIED   lifecycle-liveness      0/1     ContainerCreating        0               1s
17:30:46  MODIFIED   lifecycle-liveness      1/1     Running                  0               1s
17:30:47  MODIFIED   lifecycle-crashloop     0/1     CrashLoopBackOff         6 (87s ago)     7m20s
17:31:46  MODIFIED   lifecycle-liveness      1/1     Running                  1 (1s ago)      61s
17:31:47  MODIFIED   lifecycle-init          1/1     Terminating              0               115s
17:31:47  MODIFIED   lifecycle-init          1/1     Terminating              0               115s
17:31:47  MODIFIED   lifecycle-init          0/1     Completed                0               115s
17:31:47  MODIFIED   lifecycle-init          0/1     Completed                0               115s
17:31:47  DELETED    lifecycle-init          0/1     Completed                0               115s
17:31:47  ADDED      lifecycle-init          0/1     Pending                  0               0s
17:31:47  MODIFIED   lifecycle-init          0/1     Pending                  0               0s
17:31:47  MODIFIED   lifecycle-init          0/1     Init:0/1                 0               0s
17:31:48  MODIFIED   lifecycle-init          0/1     Init:0/1                 0               1s
17:31:48  MODIFIED   lifecycle-init          0/1     Init:0/1                 0               1s
17:31:58  MODIFIED   lifecycle-init          0/1     PodInitializing          0               11s
17:31:58  MODIFIED   lifecycle-init          1/1     Running                  0               11s
17:32:07  ADDED      lifecycle-multi-container   0/2     Pending                  0               0s
17:32:07  MODIFIED   lifecycle-multi-container   0/2     Pending                  0               0s
17:32:07  MODIFIED   lifecycle-multi-container   0/2     ContainerCreating        0               0s
17:32:08  MODIFIED   lifecycle-multi-container   0/2     ContainerCreating        0               1s
17:32:08  MODIFIED   lifecycle-multi-container   2/2     Running                  0               1s
17:32:32  ADDED      lifecycle-termination       0/1     Pending                  0               0s
17:32:32  MODIFIED   lifecycle-termination       0/1     Pending                  0               0s
17:32:32  MODIFIED   lifecycle-termination       0/1     ContainerCreating        0               0s
17:32:32  MODIFIED   lifecycle-termination       0/1     ContainerCreating        0               0s
17:32:32  MODIFIED   lifecycle-termination       1/1     Running                  0               0s
17:32:35  MODIFIED   lifecycle-termination       1/1     Terminating              0               3s
17:32:35  MODIFIED   lifecycle-termination       1/1     Terminating              0               3s
17:32:45  MODIFIED   lifecycle-termination       0/1     Completed                0               13s
17:32:46  MODIFIED   lifecycle-termination       0/1     Completed                0               14s
17:32:46  DELETED    lifecycle-termination       0/1     Completed                0               14s
17:32:46  MODIFIED   lifecycle-liveness          1/1     Running                  2 (1s ago)      2m1s
