17:18:55  EVENT      NAME                            READY   STATUS    RESTARTS   AGE   VERSION
17:18:55  ADDED      app-recreate-7f89557689-7gr2h   1/1     Running   0          11s   v1
17:18:55  ADDED      app-recreate-7f89557689-htvfz   1/1     Running   0          11s   v1
17:18:55  ADDED      app-recreate-7f89557689-tcpzn   1/1     Running   0          11s   v1
17:18:58  MODIFIED   app-recreate-7f89557689-htvfz   1/1     Terminating   0          14s   v1
17:18:58  MODIFIED   app-recreate-7f89557689-tcpzn   1/1     Terminating   0          14s   v1
17:18:58  MODIFIED   app-recreate-7f89557689-7gr2h   1/1     Terminating   0          14s   v1
17:18:58  MODIFIED   app-recreate-7f89557689-htvfz   1/1     Terminating   0          14s   v1
17:18:58  MODIFIED   app-recreate-7f89557689-7gr2h   1/1     Terminating   0          14s   v1
17:18:58  MODIFIED   app-recreate-7f89557689-tcpzn   1/1     Terminating   0          14s   v1
17:18:59  MODIFIED   app-recreate-7f89557689-tcpzn   0/1     Completed     0          15s   v1
17:18:59  MODIFIED   app-recreate-7f89557689-htvfz   0/1     Completed     0          15s   v1
17:18:59  MODIFIED   app-recreate-7f89557689-7gr2h   0/1     Completed     0          15s   v1
17:18:59  ADDED      app-recreate-7b5d9bd878-8gzhd   0/1     Pending       0          0s    v2
17:18:59  ADDED      app-recreate-7b5d9bd878-s7bc7   0/1     Pending       0          0s    v2
17:18:59  ADDED      app-recreate-7b5d9bd878-z74sq   0/1     Pending       0          0s    v2
17:18:59  MODIFIED   app-recreate-7b5d9bd878-8gzhd   0/1     Pending       0          0s    v2
17:18:59  MODIFIED   app-recreate-7b5d9bd878-s7bc7   0/1     Pending       0          0s    v2
17:18:59  MODIFIED   app-recreate-7b5d9bd878-z74sq   0/1     Pending       0          0s    v2
17:18:59  MODIFIED   app-recreate-7b5d9bd878-8gzhd   0/1     ContainerCreating   0          0s    v2
17:18:59  MODIFIED   app-recreate-7b5d9bd878-s7bc7   0/1     ContainerCreating   0          0s    v2
17:18:59  MODIFIED   app-recreate-7b5d9bd878-z74sq   0/1     ContainerCreating   0          0s    v2
17:18:59  MODIFIED   app-recreate-7f89557689-tcpzn   0/1     Completed           0          15s   v1
17:18:59  DELETED    app-recreate-7f89557689-tcpzn   0/1     Completed           0          15s   v1
17:18:59  MODIFIED   app-recreate-7f89557689-htvfz   0/1     Completed           0          15s   v1
17:18:59  DELETED    app-recreate-7f89557689-htvfz   0/1     Completed           0          15s   v1
17:18:59  MODIFIED   app-recreate-7f89557689-7gr2h   0/1     Completed           0          15s   v1
17:18:59  DELETED    app-recreate-7f89557689-7gr2h   0/1     Completed           0          15s   v1
17:18:59  MODIFIED   app-recreate-7b5d9bd878-z74sq   0/1     ContainerCreating   0          0s    v2
17:18:59  MODIFIED   app-recreate-7b5d9bd878-s7bc7   0/1     ContainerCreating   0          0s    v2
17:18:59  MODIFIED   app-recreate-7b5d9bd878-8gzhd   0/1     ContainerCreating   0          0s    v2
17:19:00  MODIFIED   app-recreate-7b5d9bd878-s7bc7   1/1     Running             0          1s    v2
17:19:00  MODIFIED   app-recreate-7b5d9bd878-z74sq   1/1     Running             0          1s    v2
17:19:00  MODIFIED   app-recreate-7b5d9bd878-8gzhd   1/1     Running             0          1s    v2
