17:10:48  EVENT      NAME                           READY   STATUS    RESTARTS   AGE   VERSION
17:10:48  ADDED      app-rolling-558b678cb4-7cm7k   1/1     Running   0          33s   v1
17:10:48  ADDED      app-rolling-558b678cb4-nsqbv   1/1     Running   0          33s   v1
17:10:48  ADDED      app-rolling-558b678cb4-r5fz7   1/1     Running   0          33s   v1
17:10:48  ADDED      app-rolling-558b678cb4-zczwp   1/1     Running   0          33s   v1
17:10:50  ADDED      app-rolling-6d4f45cbb7-s5dgt   0/1     Pending   0          0s    v2
17:10:50  MODIFIED   app-rolling-6d4f45cbb7-s5dgt   0/1     Pending   0          0s    v2
17:10:50  MODIFIED   app-rolling-6d4f45cbb7-s5dgt   0/1     ContainerCreating   0          0s    v2
17:10:51  MODIFIED   app-rolling-6d4f45cbb7-s5dgt   0/1     ContainerCreating   0          1s    v2
17:10:58  MODIFIED   app-rolling-6d4f45cbb7-s5dgt   0/1     Running             0          8s    v2
17:11:03  MODIFIED   app-rolling-6d4f45cbb7-s5dgt   1/1     Running             0          13s   v2
17:11:03  MODIFIED   app-rolling-6d4f45cbb7-s5dgt   1/1     Running             0          13s   v2
17:11:08  MODIFIED   app-rolling-558b678cb4-zczwp   1/1     Terminating         0          53s   v1
17:11:08  ADDED      app-rolling-6d4f45cbb7-994sb   0/1     Pending             0          0s    v2
17:11:08  MODIFIED   app-rolling-558b678cb4-zczwp   1/1     Terminating         0          53s   v1
17:11:08  MODIFIED   app-rolling-6d4f45cbb7-994sb   0/1     Pending             0          0s    v2
17:11:08  MODIFIED   app-rolling-6d4f45cbb7-994sb   0/1     ContainerCreating   0          0s    v2
17:11:08  MODIFIED   app-rolling-558b678cb4-zczwp   0/1     Completed           0          53s   v1
17:11:08  MODIFIED   app-rolling-6d4f45cbb7-994sb   0/1     ContainerCreating   0          0s    v2
17:11:08  MODIFIED   app-rolling-558b678cb4-zczwp   0/1     Completed           0          53s   v1
17:11:08  DELETED    app-rolling-558b678cb4-zczwp   0/1     Completed           0          53s   v1
17:11:09  MODIFIED   app-rolling-6d4f45cbb7-994sb   0/1     Running             0          1s    v2
17:11:14  MODIFIED   app-rolling-6d4f45cbb7-994sb   1/1     Running             0          6s    v2
17:11:14  MODIFIED   app-rolling-6d4f45cbb7-994sb   1/1     Running             0          6s    v2
17:11:19  MODIFIED   app-rolling-558b678cb4-7cm7k   1/1     Terminating         0          64s   v1
17:11:19  MODIFIED   app-rolling-558b678cb4-7cm7k   1/1     Terminating         0          64s   v1
17:11:19  ADDED      app-rolling-6d4f45cbb7-4gf2l   0/1     Pending             0          0s    v2
17:11:19  MODIFIED   app-rolling-6d4f45cbb7-4gf2l   0/1     Pending             0          0s    v2
17:11:19  MODIFIED   app-rolling-6d4f45cbb7-4gf2l   0/1     ContainerCreating   0          0s    v2
17:11:19  MODIFIED   app-rolling-558b678cb4-7cm7k   0/1     Completed           0          64s   v1
17:11:19  MODIFIED   app-rolling-6d4f45cbb7-4gf2l   0/1     ContainerCreating   0          0s    v2
17:11:19  MODIFIED   app-rolling-558b678cb4-7cm7k   0/1     Completed           0          64s   v1
17:11:19  DELETED    app-rolling-558b678cb4-7cm7k   0/1     Completed           0          64s   v1
17:11:19  MODIFIED   app-rolling-6d4f45cbb7-4gf2l   0/1     Running             0          0s    v2
17:11:25  MODIFIED   app-rolling-6d4f45cbb7-4gf2l   1/1     Running             0          6s    v2
17:11:25  MODIFIED   app-rolling-6d4f45cbb7-4gf2l   1/1     Running             0          6s    v2
17:11:30  MODIFIED   app-rolling-558b678cb4-nsqbv   1/1     Terminating         0          75s   v1
17:11:30  ADDED      app-rolling-6d4f45cbb7-l2twk   0/1     Pending             0          0s    v2
17:11:30  MODIFIED   app-rolling-558b678cb4-nsqbv   1/1     Terminating         0          75s   v1
17:11:30  MODIFIED   app-rolling-6d4f45cbb7-l2twk   0/1     Pending             0          0s    v2
17:11:30  MODIFIED   app-rolling-6d4f45cbb7-l2twk   0/1     ContainerCreating   0          0s    v2
17:11:30  MODIFIED   app-rolling-558b678cb4-nsqbv   0/1     Completed           0          75s   v1
17:11:30  MODIFIED   app-rolling-6d4f45cbb7-l2twk   0/1     ContainerCreating   0          0s    v2
17:11:30  MODIFIED   app-rolling-558b678cb4-nsqbv   0/1     Completed           0          75s   v1
17:11:30  DELETED    app-rolling-558b678cb4-nsqbv   0/1     Completed           0          75s   v1
17:11:30  MODIFIED   app-rolling-6d4f45cbb7-l2twk   0/1     Running             0          0s    v2
17:11:36  MODIFIED   app-rolling-6d4f45cbb7-l2twk   1/1     Running             0          6s    v2
17:11:36  MODIFIED   app-rolling-6d4f45cbb7-l2twk   1/1     Running             0          6s    v2
17:11:41  MODIFIED   app-rolling-558b678cb4-r5fz7   1/1     Terminating         0          86s   v1
17:11:41  MODIFIED   app-rolling-558b678cb4-r5fz7   1/1     Terminating         0          86s   v1
17:11:41  MODIFIED   app-rolling-558b678cb4-r5fz7   0/1     Completed           0          86s   v1
17:11:41  MODIFIED   app-rolling-558b678cb4-r5fz7   0/1     Completed           0          86s   v1
17:11:41  MODIFIED   app-rolling-558b678cb4-r5fz7   0/1     Completed           0          86s   v1
17:11:41  DELETED    app-rolling-558b678cb4-r5fz7   0/1     Completed           0          86s   v1
